// Jest Snapshot v1, https://goo.gl/fbAQLP

exports[`renders without crashing 1`] = `
ShallowWrapper {
  "length": 1,
  Symbol(enzyme.__root__): [Circular],
  Symbol(enzyme.__unrendered__): <Category
    category={
      Object {
        "name": "name",
      }
    }
  />,
  Symbol(enzyme.__renderer__): Object {
    "batchedUpdates": [Function],
    "getNode": [Function],
    "render": [Function],
    "simulateEvent": [Function],
    "unmount": [Function],
  },
  Symbol(enzyme.__node__): Object {
    "instance": null,
    "key": null,
    "nodeType": "host",
    "props": Object {
      "children": <Link
        className="CategoryLink"
        replace={false}
        to="/?category=name"
      >
        name
      </Link>,
      "className": "Category",
    },
    "ref": null,
    "rendered": Object {
      "instance": null,
      "key": null,
      "nodeType": "class",
      "props": Object {
        "children": "name",
        "className": "CategoryLink",
        "replace": false,
        "to": "/?category=name",
      },
      "ref": null,
      "rendered": "name",
      "type": [Function],
    },
    "type": "div",
  },
  Symbol(enzyme.__nodes__): Array [
    Object {
      "instance": null,
      "key": null,
      "nodeType": "host",
      "props": Object {
        "children": <Link
          className="CategoryLink"
          replace={false}
          to="/?category=name"
        >
          name
        </Link>,
        "className": "Category",
      },
      "ref": null,
      "rendered": Object {
        "instance": null,
        "key": null,
        "nodeType": "class",
        "props": Object {
          "children": "name",
          "className": "CategoryLink",
          "replace": false,
          "to": "/?category=name",
        },
        "ref": null,
        "rendered": "name",
        "type": [Function],
      },
      "type": "div",
    },
  ],
  Symbol(enzyme.__options__): Object {
    "adapter": ReactSixteenAdapter {
      "options": Object {
        "enableComponentDidUpdateOnSetState": true,
      },
    },
  },
}
`;
