// Jest Snapshot v1, https://goo.gl/fbAQLP

exports[`renders without crashing 1`] = `
ShallowWrapper {
  "length": 1,
  Symbol(enzyme.__root__): [Circular],
  Symbol(enzyme.__unrendered__): <Search
    search={[Function]}
  />,
  Symbol(enzyme.__renderer__): Object {
    "batchedUpdates": [Function],
    "getNode": [Function],
    "render": [Function],
    "simulateEvent": [Function],
    "unmount": [Function],
  },
  Symbol(enzyme.__node__): Object {
    "instance": null,
    "key": null,
    "nodeType": "host",
    "props": Object {
      "children": <form
        onSubmit={[Function]}
      >
        <div>
          <input
            onChange={[Function]}
            type="text"
          />
          <button
            type="submit"
          >
             Search
          </button>
        </div>
      </form>,
      "className": "Search",
    },
    "ref": null,
    "rendered": Object {
      "instance": null,
      "key": null,
      "nodeType": "host",
      "props": Object {
        "children": <div>
          <input
            onChange={[Function]}
            type="text"
          />
          <button
            type="submit"
          >
             Search
          </button>
        </div>,
        "onSubmit": [Function],
      },
      "ref": null,
      "rendered": Object {
        "instance": null,
        "key": null,
        "nodeType": "host",
        "props": Object {
          "children": Array [
            <input
              onChange={[Function]}
              type="text"
            />,
            <button
              type="submit"
            >
               Search
            </button>,
          ],
        },
        "ref": null,
        "rendered": Array [
          Object {
            "instance": null,
            "key": null,
            "nodeType": "host",
            "props": Object {
              "onChange": [Function],
              "type": "text",
            },
            "ref": null,
            "rendered": null,
            "type": "input",
          },
          Object {
            "instance": null,
            "key": null,
            "nodeType": "host",
            "props": Object {
              "children": " Search",
              "type": "submit",
            },
            "ref": "searchButton",
            "rendered": " Search",
            "type": "button",
          },
        ],
        "type": "div",
      },
      "type": "form",
    },
    "type": "div",
  },
  Symbol(enzyme.__nodes__): Array [
    Object {
      "instance": null,
      "key": null,
      "nodeType": "host",
      "props": Object {
        "children": <form
          onSubmit={[Function]}
        >
          <div>
            <input
              onChange={[Function]}
              type="text"
            />
            <button
              type="submit"
            >
               Search
            </button>
          </div>
        </form>,
        "className": "Search",
      },
      "ref": null,
      "rendered": Object {
        "instance": null,
        "key": null,
        "nodeType": "host",
        "props": Object {
          "children": <div>
            <input
              onChange={[Function]}
              type="text"
            />
            <button
              type="submit"
            >
               Search
            </button>
          </div>,
          "onSubmit": [Function],
        },
        "ref": null,
        "rendered": Object {
          "instance": null,
          "key": null,
          "nodeType": "host",
          "props": Object {
            "children": Array [
              <input
                onChange={[Function]}
                type="text"
              />,
              <button
                type="submit"
              >
                 Search
              </button>,
            ],
          },
          "ref": null,
          "rendered": Array [
            Object {
              "instance": null,
              "key": null,
              "nodeType": "host",
              "props": Object {
                "onChange": [Function],
                "type": "text",
              },
              "ref": null,
              "rendered": null,
              "type": "input",
            },
            Object {
              "instance": null,
              "key": null,
              "nodeType": "host",
              "props": Object {
                "children": " Search",
                "type": "submit",
              },
              "ref": "searchButton",
              "rendered": " Search",
              "type": "button",
            },
          ],
          "type": "div",
        },
        "type": "form",
      },
      "type": "div",
    },
  ],
  Symbol(enzyme.__options__): Object {
    "adapter": ReactSixteenAdapter {
      "options": Object {
        "enableComponentDidUpdateOnSetState": true,
      },
    },
  },
}
`;
